
> minimal-express-app@1.0.0 dev
> nodemon src/server.js

[33m[nodemon] 3.1.9[39m
[33m[nodemon] to restart at any time, enter `rs`[39m
[33m[nodemon] watching path(s): src/**/*[39m
[33m[nodemon] watching extensions: js,json[39m
[32m[nodemon] starting `node src/server.js`[39m
/home/kavia/workspace/code-generation/quicknotes-94677-754b9841/quicknotes_backend/src/services/supabaseClient.js:11
  throw new Error('Supabase credentials are missing. Please set SUPABASE_URL and SUPABASE_KEY in your .env file.');
  ^

Error: Supabase credentials are missing. Please set SUPABASE_URL and SUPABASE_KEY in your .env file.
    at Object.<anonymous> (/home/kavia/workspace/code-generation/quicknotes-94677-754b9841/quicknotes_backend/src/services/supabaseClient.js:11:9)
    at Module._compile (node:internal/modules/cjs/loader:1364:14)
    at Module._extensions..js (node:internal/modules/cjs/loader:1422:10)
    at Module.load (node:internal/modules/cjs/loader:1203:32)
    at Module._load (node:internal/modules/cjs/loader:1019:12)
    at Module.require (node:internal/modules/cjs/loader:1231:19)
    at require (node:internal/modules/helpers:177:18)
    at Object.<anonymous> (/home/kavia/workspace/code-generation/quicknotes-94677-754b9841/quicknotes_backend/src/services/notes.js:1:18)
    at Module._compile (node:internal/modules/cjs/loader:1364:14)
    at Module._extensions..js (node:internal/modules/cjs/loader:1422:10)

Node.js v18.20.6
[31m[nodemon] app crashed - waiting for file changes before starting...[39m
